
> @repo/ui@0.0.0 build-storybook C:\Dev\bass-ui\packages\ui
> storybook build "--output-dir=C:\\Users\\kings\\AppData\\Local\\Temp\\chromatic--4112-bVslntup6LRu"


[90m┌[39m  Building storybook v10.3.5
[90m│[39m
[32m◇[39m  Cleaning outputDir:
[90m│[39m  [36m../../../../Users/kings/AppData/Local/Temp/chromatic--4112-bVslntup6LRu[39m
[90m│[39m
[32m◇[39m  Loading presets
[90m│[39m
[32m◇[39m  Building manager..
[90m│[39m
[34m●[39m  Building preview..
[90m│[39m  [43mVite[49m [36mvite v8.0.9 [32mbuilding client environment for production...[36m[39m
[2Ktransforming...✓ 253 modules transformed.
rendering chunks...
computing gzip size...
[90m│[39m  [43mVite[49m
[90m│[39m  ../../../../Users/kings/AppData/Local/Temp/chromatic--4112-bVslntup6LRu/assets/context-C0qIqeS4.png
[90m│[39m  6.11 kB
[90m│[39m  ../../../../Users/kings/AppData/Local/Temp/chromatic--4112-bVslntup6LRu/assets/inclusive-sans-vietnamese-wght-normal-C2_z38Fx.woff2
[90m│[39m  7.12 kB
[90m│[39m  ../../../../Users/kings/AppData/Local/Temp/chromatic--4112-bVslntup6LRu/assets/styling-Bk6zjRzU.png
[90m│[39m  7.23 kB
[90m│[39m  ../../../../Users/kings/AppData/Local/Temp/chromatic--4112-bVslntup6LRu/assets/inclusive-sans-latin-ext-wght-normal-DrPfiV9Q.woff2
[90m│[39m  17.08 kB
[90m│[39m  ../../../../Users/kings/AppData/Local/Temp/chromatic--4112-bVslntup6LRu/iframe.html
[90m│[39m  19.15 kB │ gzip:   5.33 kB
[90m│[39m  ../../../../Users/kings/AppData/Local/Temp/chromatic--4112-bVslntup6LRu/assets/docs---vsFbMi.png
[90m│[39m  27.87 kB
[90m│[39m  ../../../../Users/kings/AppData/Local/Temp/chromatic--4112-bVslntup6LRu/assets/inclusive-sans-latin-wght-normal-D4kD9Fjs.woff2
[90m│[39m  30.24 kB
[90m│[39m  ../../../../Users/kings/AppData/Local/Temp/chromatic--4112-bVslntup6LRu/assets/share-DGA-UcQf.png
[90m│[39m  40.76 kB
[90m│[39m  ../../../../Users/kings/AppData/Local/Temp/chromatic--4112-bVslntup6LRu/assets/accessibility-W_h2acOZ.png
[90m│[39m  42.33 kB
[90m│[39m  ../../../../Users/kings/AppData/Local/Temp/chromatic--4112-bVslntup6LRu/assets/figma-plugin-CH2hELiO.png
[90m│[39m  44.24 kB
[90m│[39m  ../../../../Users/kings/AppData/Local/Temp/chromatic--4112-bVslntup6LRu/assets/theming-D6WJLNoW.png
[90m│[39m  44.37 kB
[90m│[39m  ../../../../Users/kings/AppData/Local/Temp/chromatic--4112-bVslntup6LRu/assets/testing-cbzR9l9r.png
[90m│[39m  49.31 kB
[90m│[39m  ../../../../Users/kings/AppData/Local/Temp/chromatic--4112-bVslntup6LRu/assets/addon-library-BWUCAmyN.png
[90m│[39m  467.36 kB
[90m│[39m  ../../../../Users/kings/AppData/Local/Temp/chromatic--4112-bVslntup6LRu/assets/Header-CzZBVs_w.css
[90m│[39m  0.50 kB │ gzip:   0.29 kB
[90m│[39m  ../../../../Users/kings/AppData/Local/Temp/chromatic--4112-bVslntup6LRu/assets/Button-C9QAnAgh.css
[90m│[39m  0.51 kB │ gzip:   0.28 kB
[90m│[39m  ../../../../Users/kings/AppData/Local/Temp/chromatic--4112-bVslntup6LRu/assets/Page-R7v0XIE6.css
[90m│[39m  0.91 kB │ gzip:   0.39 kB
[90m│[39m  ../../../../Users/kings/AppData/Local/Temp/chromatic--4112-bVslntup6LRu/assets/iframe-CcfN3E0f.css
[90m│[39m  25.14 kB │ gzip:   5.47 kB
[90m│[39m  ../../../../Users/kings/AppData/Local/Temp/chromatic--4112-bVslntup6LRu/assets/chunk-CYSK6WYR-RshjljqX.js
[90m│[39m  0.15 kB │ gzip:   0.13 kB
[90m│[39m  ../../../../Users/kings/AppData/Local/Temp/chromatic--4112-bVslntup6LRu/assets/chunk-242VQQM5-Dm7mn-bv.js
[90m│[39m  0.21 kB │ gzip:   0.18 kB
[90m│[39m  ../../../../Users/kings/AppData/Local/Temp/chromatic--4112-bVslntup6LRu/assets/formatter-EIJCOSYU-Jxsnkd3j.js
[90m│[39m  0.23 kB │ gzip:   0.19 kB
[90m│[39m  ../../../../Users/kings/AppData/Local/Temp/chromatic--4112-bVslntup6LRu/assets/jsx-runtime-DC6t-S6Q.js
[90m│[39m  0.42 kB │ gzip:   0.29 kB
[90m│[39m  ../../../../Users/kings/AppData/Local/Temp/chromatic--4112-bVslntup6LRu/assets/react-ClxmHF6W.js
[90m│[39m  0.52 kB │ gzip:   0.32 kB
[90m│[39m  ../../../../Users/kings/AppData/Local/Temp/chromatic--4112-bVslntup6LRu/assets/Header.stories-B2NNz_gV.js
[90m│[39m  0.72 kB │ gzip:   0.41 kB
[90m│[39m  ../../../../Users/kings/AppData/Local/Temp/chromatic--4112-bVslntup6LRu/assets/chunk-DnJy8xQt.js
[90m│[39m  1.12 kB │ gzip:   0.63 kB
[90m│[39m  ../../../../Users/kings/AppData/Local/Temp/chromatic--4112-bVslntup6LRu/assets/Button.stories-DoF2K5Hq.js
[90m│[39m  1.26 kB │ gzip:   0.51 kB
[90m│[39m  ../../../../Users/kings/AppData/Local/Temp/chromatic--4112-bVslntup6LRu/assets/preload-helper-DVWkohm0.js
[90m│[39m  1.27 kB │ gzip:   0.74 kB
[90m│[39m  ../../../../Users/kings/AppData/Local/Temp/chromatic--4112-bVslntup6LRu/assets/Button-SjqirQw7.js
[90m│[39m  1.35 kB │ gzip:   0.66 kB
[90m│[39m  ../../../../Users/kings/AppData/Local/Temp/chromatic--4112-bVslntup6LRu/assets/DocsRenderer-LL677BLK-gyZBiHSt.js
[90m│[39m  1.41 kB │ gzip:   0.76 kB
[90m│[39m  ../../../../Users/kings/AppData/Local/Temp/chromatic--4112-bVslntup6LRu/assets/Header-L_Vps_cG.js
[90m│[39m  2.00 kB │ gzip:   0.86 kB
[90m│[39m  ../../../../Users/kings/AppData/Local/Temp/chromatic--4112-bVslntup6LRu/assets/ActionButton.stories-Tr9DfAga.js
[90m│[39m  2.58 kB │ gzip:   0.74 kB
[90m│[39m  ../../../../Users/kings/AppData/Local/Temp/chromatic--4112-bVslntup6LRu/assets/ActionButton-wAWANQJd.js
[90m│[39m  2.76 kB │ gzip:   1.09 kB
[90m│[39m  ../../../../Users/kings/AppData/Local/Temp/chromatic--4112-bVslntup6LRu/assets/react-dom-CdPhpgcm.js
[90m│[39m  3.57 kB │ gzip:   1.35 kB
[90m│[39m  ../../../../Users/kings/AppData/Local/Temp/chromatic--4112-bVslntup6LRu/assets/Page.stories-BF8k-MAr.js
[90m│[39m  3.62 kB │ gzip:   1.57 kB
[90m│[39m  ../../../../Users/kings/AppData/Local/Temp/chromatic--4112-bVslntup6LRu/assets/chunk-3LY4VQVK-BK_y2V4h.js
[90m│[39m  4.83 kB │ gzip:   2.05 kB
[90m│[39m  ../../../../Users/kings/AppData/Local/Temp/chromatic--4112-bVslntup6LRu/assets/dist-D6ZRvf4_.js
[90m│[39m  11.36 kB │ gzip:   4.17 kB
[90m│[39m  ../../../../Users/kings/AppData/Local/Temp/chromatic--4112-bVslntup6LRu/assets/chunk-RD3KTAHR-CkUjDfjb.js
[90m│[39m  20.74 kB │ gzip:   6.93 kB
[90m│[39m  ../../../../Users/kings/AppData/Local/Temp/chromatic--4112-bVslntup6LRu/assets/Configure-Umy7A9UY.js
[90m│[39m  26.89 kB │ gzip:  11.31 kB
[90m│[39m  ../../../../Users/kings/AppData/Local/Temp/chromatic--4112-bVslntup6LRu/assets/utils-BwE_vqUV.js
[90m│[39m  27.35 kB │ gzip:   8.93 kB
[90m│[39m  ../../../../Users/kings/AppData/Local/Temp/chromatic--4112-bVslntup6LRu/vite-inject-mocker-entry.js
[90m│[39m  27.85 kB │ gzip:   9.64 kB
[90m│[39m  ../../../../Users/kings/AppData/Local/Temp/chromatic--4112-bVslntup6LRu/assets/matchers-5TDFFDYO-Tz1cvHxp.js
[90m│[39m  28.81 kB │ gzip:   9.67 kB
[90m│[39m  ../../../../Users/kings/AppData/Local/Temp/chromatic--4112-bVslntup6LRu/assets/Color-FRDS63T2-BdGdMsPm.js
[90m│[39m  30.82 kB │ gzip:  11.55 kB
[90m│[39m  ../../../../Users/kings/AppData/Local/Temp/chromatic--4112-bVslntup6LRu/assets/WithTooltip-65CFNBJE-BrSS_Pyt.js
[90m│[39m  33.23 kB │ gzip:  11.66 kB
[90m│[39m  ../../../../Users/kings/AppData/Local/Temp/chromatic--4112-bVslntup6LRu/assets/Modal.stories-Do4I2gnO.js
[90m│[39m  42.95 kB │ gzip:  11.93 kB
[90m│[39m  ../../../../Users/kings/AppData/Local/Temp/chromatic--4112-bVslntup6LRu/assets/Tooltip.stories-CALq2dMc.js
[90m│[39m  45.62 kB │ gzip:  14.74 kB
[90m│[39m  ../../../../Users/kings/AppData/Local/Temp/chromatic--4112-bVslntup6LRu/assets/theming-DsTqvMaR.js
[90m│[39m  55.30 kB │ gzip:  21.36 kB
[90m│[39m  ../../../../Users/kings/AppData/Local/Temp/chromatic--4112-bVslntup6LRu/assets/syntaxhighlighter-OH4MV7E3-CIFCFcXB.js
[90m│[39m  76.10 kB │ gzip:  27.36 kB
[90m│[39m  ../../../../Users/kings/AppData/Local/Temp/chromatic--4112-bVslntup6LRu/assets/csf-CQdm6Iwe.js
[90m│[39m  151.06 kB │ gzip:  48.17 kB
[90m│[39m  ../../../../Users/kings/AppData/Local/Temp/chromatic--4112-bVslntup6LRu/assets/react-18-Bmu4xY-M.js
[90m│[39m  179.11 kB │ gzip:  56.68 kB
[90m│[39m  ../../../../Users/kings/AppData/Local/Temp/chromatic--4112-bVslntup6LRu/assets/blocks-Cg5ehc4t.js
[90m│[39m  181.87 kB │ gzip:  57.63 kB
[90m│[39m  ../../../../Users/kings/AppData/Local/Temp/chromatic--4112-bVslntup6LRu/assets/components-DfiRxWTv.js
[90m│[39m  452.18 kB │ gzip: 141.91 kB
[90m│[39m  ../../../../Users/kings/AppData/Local/Temp/chromatic--4112-bVslntup6LRu/assets/axe-DkYqdvCj.js
[90m│[39m  571.03 kB │ gzip: 155.75 kB
[90m│[39m  ../../../../Users/kings/AppData/Local/Temp/chromatic--4112-bVslntup6LRu/assets/iframe-D1h3Mug8.js
[90m│[39m  1,030.43 kB │ gzip: 291.79 kB

[90m│[39m
[33m▲[39m  [43mVite[49m [33m[plugin builtin:vite-reporter]
[90m│[39m  (!) Some chunks are larger than 500 kB after minification. Consider:
[90m│[39m  - Using dynamic import() to code-split the application
[90m│[39m  - Use build.rolldownOptions.output.codeSplitting to improve chunking:
[90m│[39m  ]8;;https://rolldown.rs/reference/OutputOptions.codeSplittinghttps://rolldown.rs/reference/OutputOptions.codeSplitting]8;;
[90m│[39m  - Adjust chunk size limit for this warning via
[90m│[39m  build.chunkSizeWarningLimit.[39m
[90m│[39m  [43mVite[49m [32m✓ built in 16.38s[39m
[90m│[39m
[32m◇[39m  Output directory:
[90m│[39m  C:/Users/kings/AppData/Local/Temp/chromatic--4112-bVslntup6LRu
[90m│[39m
[90m└[39m  Storybook build completed successfully

